// Jest Snapshot v1, https://goo.gl/fbAQLP

exports[` BaseButtonr should match snapshot 1`] = `
.c0 {
  width: 100%;
  font-weight: 550;
  white-space: nowrap;
  background-color: #4E4E4E;
  color: #E3E2E1;
  opacity: 0.7;
  -webkit-transition: color 0.3s ease-in-out,background-color 0.3s ease-in-out;
  transition: color 0.3s ease-in-out,background-color 0.3s ease-in-out;
}

.c0:hover {
  background-color: #1BBDCE;
  color: #102128;
}

<div>
  <button
    class="MuiButtonBase-root MuiButton-root MuiButton-contained c0 MuiButton-containedPrimary"
    tabindex="0"
    type="button"
  >
    <span
      class="MuiButton-label"
    />
    <span
      class="MuiTouchRipple-root"
    />
  </button>
</div>
`;
