// Jest Snapshot v1, https://goo.gl/fbAQLP

exports[` InfoHeader should match snapshot 1`] = `
.c2 {
  margin: 0;
  padding: 0;
  color: #444;
  font-size: 20px;
  font-weight: bold;
  line-height: 20px;
}

.c3 {
  margin: 0 10px;
  display: -webkit-box;
  display: -webkit-flex;
  display: -ms-flexbox;
  display: flex;
  -webkit-align-items: center;
  -webkit-box-align: center;
  -ms-flex-align: center;
  align-items: center;
}

.c4 {
  color: #555;
  font-size: 14px;
  line-height: 20px;
  -webkit-letter-spacing: -0.3px;
  -moz-letter-spacing: -0.3px;
  -ms-letter-spacing: -0.3px;
  letter-spacing: -0.3px;
  padding: 5px;
  width: calc(100% - 14px);
  height: 0;
  margin: 0;
  visibility: hidden;
  overflow: hidden;
  -webkit-transition: height 0.3s ease-in-out,visibility 0.3s ease-in-out, margin 0.3s ease-in-out;
  transition: height 0.3s ease-in-out,visibility 0.3s ease-in-out, margin 0.3s ease-in-out;
  border: 2px dashed #1BBDCE;
  border-radius: 6px;
  text-align: justify;
}

.c0 {
  display: -webkit-box;
  display: -webkit-flex;
  display: -ms-flexbox;
  display: flex;
  -webkit-flex-direction: column;
  -ms-flex-direction: column;
  flex-direction: column;
  opacity: 0.8;
}

.c1 {
  -webkit-flex: 1;
  -ms-flex: 1;
  flex: 1;
  display: -webkit-box;
  display: -webkit-flex;
  display: -ms-flexbox;
  display: flex;
  -webkit-align-items: center;
  -webkit-box-align: center;
  -ms-flex-align: center;
  align-items: center;
}

@media (min-width:1024px) {
  .c2 {
    font-size: 30px;
    -webkit-letter-spacing: -0.3px;
    -moz-letter-spacing: -0.3px;
    -ms-letter-spacing: -0.3px;
    letter-spacing: -0.3px;
    line-height: 30px;
  }
}

@media (min-width:769px) {
  .c4 {
    font-size: 14px;
    line-height: 20px;
  }
}

@media (min-width:1024px) {
  .c4 {
    font-size: 16px;
    line-height: 24px;
  }
}

@media (max-width:480px) {
  .c4 {
    margin: 0;
  }
}

@media (max-width:480px) {
  .c1 {
    -webkit-box-pack: center;
    -webkit-justify-content: center;
    -ms-flex-pack: center;
    justify-content: center;
  }
}

<div>
  <div
    class="c0"
  >
    <div
      class="c1"
    >
      <h3
        class="c2"
      >
        test
      </h3>
      <div
        class="c3"
      >
        <button
          aria-label="info"
          class="MuiButtonBase-root MuiIconButton-root"
          data-testid="info-button-icon"
          tabindex="0"
          type="button"
        >
          <span
            class="MuiIconButton-label"
          >
            <svg
              aria-hidden="true"
              class="MuiSvgIcon-root MuiSvgIcon-fontSizeInherit"
              focusable="false"
              viewBox="0 0 24 24"
            >
              <path
                d="M12 2C6.48 2 2 6.48 2 12s4.48 10 10 10 10-4.48 10-10S17.52 2 12 2zm1 15h-2v-6h2v6zm0-8h-2V7h2v2z"
              />
            </svg>
          </span>
          <span
            class="MuiTouchRipple-root"
          />
        </button>
      </div>
    </div>
    <div
      class="c4"
    >
      <div>
        test
      </div>
    </div>
  </div>
</div>
`;
