// Jest Snapshot v1, https://goo.gl/fbAQLP

exports[` Input should match snapshot 1`] = `
.c0 {
  -webkit-flex: 1;
  -ms-flex: 1;
  flex: 1;
  margin: 0 8px;
}

.c0 .MuiInput-underline:after {
  border-color: #1BBDCE;
}

<div>
  <div
    class="c0"
  >
    <div
      class="MuiFormControl-root MuiTextField-root MuiFormControl-marginNormal MuiFormControl-fullWidth"
    >
      <div
        class="MuiInputBase-root MuiInput-root MuiInput-underline MuiInputBase-fullWidth MuiInput-fullWidth MuiInputBase-formControl MuiInput-formControl"
      >
        <input
          aria-invalid="false"
          class="MuiInputBase-input MuiInput-input"
          id="input-normal"
          placeholder=""
          type="text"
          value=""
        />
      </div>
    </div>
  </div>
</div>
`;
